// Jest Snapshot v1, https://goo.gl/fbAQLP

exports[`PhotoReview renders loading div 1`] = `
<div>
  Loading...
</div>
`;
